src/app/dashboard/components/admin-dashboard.tsx(345,17): error TS2304: Cannot find name 'addProjectLog'.
src/app/dashboard/components/admin-dashboard.tsx(345,67): error TS2552: Cannot find name 'user'. Did you mean 'users'?
src/app/dashboard/components/admin-dashboard.tsx(345,103): error TS2552: Cannot find name 'user'. Did you mean 'users'?
src/app/dashboard/components/admin-dashboard.tsx(361,21): error TS2304: Cannot find name 'addProjectLog'.
src/app/dashboard/components/admin-dashboard.tsx(361,81): error TS2552: Cannot find name 'user'. Did you mean 'users'?
src/app/dashboard/components/admin-dashboard.tsx(361,117): error TS2552: Cannot find name 'user'. Did you mean 'users'?
src/app/dashboard/components/admin-dashboard.tsx(363,25): error TS2304: Cannot find name 'addProjectLog'.
src/app/dashboard/components/admin-dashboard.tsx(363,79): error TS2552: Cannot find name 'user'. Did you mean 'users'?
src/app/dashboard/components/admin-dashboard.tsx(363,115): error TS2552: Cannot find name 'user'. Did you mean 'users'?
